error: lint `clippy::blacklisted_name` has been renamed to `clippy::disallowed_name`
  --> $DIR/blacklisted_name.rs:9:9
   |
LL | #![warn(clippy::blacklisted_name)]
   |         ^^^^^^^^^^^^^^^^^^^^^^^^ help: use the new name: `clippy::disallowed_name`
   |
   = note: `-D renamed-and-removed-lints` implied by `-D warnings`

error: lint `clippy::blacklisted_name` has been renamed to `clippy::disallowed_name`
  --> $DIR/blacklisted_name.rs:9:9
   |
LL | #![warn(clippy::blacklisted_name)]
   |         ^^^^^^^^^^^^^^^^^^^^^^^^ help: use the new name: `clippy::disallowed_name`

error: aborting due to 2 previous errors

